15:27:04 **** Incremental Build of configuration Debug for project T_bit ****
make -j4 all 
arm-none-eabi-gcc "../Src/main.c" -mcpu=cortex-m4 -std=gnu11 -g3 -DDEBUG -DSTM32 -DSTM32F4 -DSTM32F446RETx -DNUCLEO_F446RE -c -I../Inc -O0 -ffunction-sections -fdata-sections -Wall -fstack-usage -fcyclomatic-complexity -MMD -MP -MF"Src/main.d" -MT"Src/main.o" --specs=nano.specs -mfpu=fpv4-sp-d16 -mfloat-abi=hard -mthumb -o "Src/main.o"
../Src/main.c:20:4: warning: #warning "FPU is not initialized, but the project is compiling for an FPU. Please initialize the FPU before use." [-Wcpp]
   20 |   #warning "FPU is not initialized, but the project is compiling for an FPU. Please initialize the FPU before use."
      |    ^~~~~~~
arm-none-eabi-gcc -o "T_bit.elf" @"objects.list"   -mcpu=cortex-m4 -T"C:\Embedded_system_STM32\T_bit\STM32F446RETX_FLASH.ld" --specs=nosys.specs -Wl,-Map="T_bit.map" -Wl,--gc-sections -static --specs=nano.specs -mfpu=fpv4-sp-d16 -mfloat-abi=hard -mthumb -Wl,--start-group -lc -lm -Wl,--end-group
Finished building target: T_bit.elf
 
arm-none-eabi-size  T_bit.elf 
arm-none-eabi-objdump -h -S T_bit.elf  > "T_bit.list"
   text	   data	    bss	    dec	    hex	filename
   3552	     92	   1900	   5544	   15a8	T_bit.elf
Finished building: default.size.stdout
 
Finished building: T_bit.list
 
15:27:09 **** Incremental Build of configuration Debug for project T_bit ****
make -j4 all 
arm-none-eabi-size  T_bit.elf 
   text	   data	    bss	    dec	    hex	filename
   3552	     92	   1900	   5544	   15a8	T_bit.elf
Finished building: default.size.stdout
 
