02:13:18 **** Build of configuration Debug for project inline_assembly_1 ****
make -j4 all 
arm-none-eabi-gcc "../Src/main.c" -mcpu=cortex-m4 -std=gnu11 -g3 -DDEBUG -DSTM32 -DSTM32F4 -DSTM32F446RETx -DNUCLEO_F446RE -c -I../Inc -O0 -ffunction-sections -fdata-sections -Wall -fstack-usage -fcyclomatic-complexity -MMD -MP -MF"Src/main.d" -MT"Src/main.o" --specs=nano.specs -mfloat-abi=soft -mthumb -o "Src/main.o"
arm-none-eabi-gcc -o "inline_assembly_1.elf" @"objects.list"   -mcpu=cortex-m4 -T"C:\Embedded_system_STM32\inline_assembly_1\STM32F446RETX_FLASH.ld" --specs=nosys.specs -Wl,-Map="inline_assembly_1.map" -Wl,--gc-sections -static --specs=nano.specs -mfloat-abi=soft -mthumb -Wl,--start-group -lc -lm -Wl,--end-group
Finished building target: inline_assembly_1.elf
 
arm-none-eabi-size  inline_assembly_1.elf 
arm-none-eabi-objdump -h -S inline_assembly_1.elf  > "inline_assembly_1.list"
   text	   data	    bss	    dec	    hex	filename
    752	      0	   1568	   2320	    910	inline_assembly_1.elf
Finished building: default.size.stdout
 
Finished building: inline_assembly_1.list
 

02:13:19 Build Finished. 0 errors, 0 warnings. (took 765ms)

