02:13:11 **** Build of configuration Debug for project Stack_MSP_PSP ****
make -j4 all 
arm-none-eabi-gcc "../Src/main.c" -mcpu=cortex-m4 -std=gnu11 -g3 -DDEBUG -DSTM32 -DSTM32F4 -DSTM32F446RETx -DNUCLEO_F446RE -c -I../Inc -O0 -ffunction-sections -fdata-sections -Wall -fstack-usage -fcyclomatic-complexity -MMD -MP -MF"Src/main.d" -MT"Src/main.o" --specs=nano.specs -mfloat-abi=soft -mthumb -o "Src/main.o"
../Src/main.c: In function 'print_SP_register_values':
../Src/main.c:75:28: warning: format '%X' expects argument of type 'unsigned int', but argument 2 has type 'uint32_t' {aka 'long unsigned int'} [-Wformat=]
   75 |         printf("MSP = 0x%08X, PSP = 0x%08X, SP = 0x%08X, CONTROL = 0x%08X, LR = 0x%08X\n",
      |                         ~~~^
      |                            |
      |                            unsigned int
      |                         %08lX
   76 |                    msp, psp, current_sp, control, lr);
      |                    ~~~      
      |                    |
      |                    uint32_t {aka long unsigned int}
../Src/main.c:75:42: warning: format '%X' expects argument of type 'unsigned int', but argument 3 has type 'uint32_t' {aka 'long unsigned int'} [-Wformat=]
   75 |         printf("MSP = 0x%08X, PSP = 0x%08X, SP = 0x%08X, CONTROL = 0x%08X, LR = 0x%08X\n",
      |                                       ~~~^
      |                                          |
      |                                          unsigned int
      |                                       %08lX
   76 |                    msp, psp, current_sp, control, lr);
      |                         ~~~               
      |                         |
      |                         uint32_t {aka long unsigned int}
../Src/main.c:75:55: warning: format '%X' expects argument of type 'unsigned int', but argument 4 has type 'uint32_t' {aka 'long unsigned int'} [-Wformat=]
   75 |         printf("MSP = 0x%08X, PSP = 0x%08X, SP = 0x%08X, CONTROL = 0x%08X, LR = 0x%08X\n",
      |                                                    ~~~^
      |                                                       |
      |                                                       unsigned int
      |                                                    %08lX
   76 |                    msp, psp, current_sp, control, lr);
      |                              ~~~~~~~~~~                
      |                              |
      |                              uint32_t {aka long unsigned int}
../Src/main.c:75:73: warning: format '%X' expects argument of type 'unsigned int', but argument 5 has type 'uint32_t' {aka 'long unsigned int'} [-Wformat=]
   75 |         printf("MSP = 0x%08X, PSP = 0x%08X, SP = 0x%08X, CONTROL = 0x%08X, LR = 0x%08X\n",
      |                                                                      ~~~^
      |                                                                         |
      |                                                                         unsigned int
      |                                                                      %08lX
   76 |                    msp, psp, current_sp, control, lr);
      |                                          ~~~~~~~                         
      |                                          |
      |                                          uint32_t {aka long unsigned int}
../Src/main.c:75:86: warning: format '%X' expects argument of type 'unsigned int', but argument 6 has type 'uint32_t' {aka 'long unsigned int'} [-Wformat=]
   75 |         printf("MSP = 0x%08X, PSP = 0x%08X, SP = 0x%08X, CONTROL = 0x%08X, LR = 0x%08X\n",
      |                                                                                   ~~~^
      |                                                                                      |
      |                                                                                      unsigned int
      |                                                                                   %08lX
   76 |                    msp, psp, current_sp, control, lr);
      |                                                   ~~                                  
      |                                                   |
      |                                                   uint32_t {aka long unsigned int}
arm-none-eabi-gcc -o "Stack_MSP_PSP.elf" @"objects.list"   -mcpu=cortex-m4 -T"C:\Embedded_system_STM32\Stack_MSP_PSP\STM32F446RETX_FLASH.ld" --specs=nosys.specs -Wl,-Map="Stack_MSP_PSP.map" -Wl,--gc-sections -static --specs=nano.specs -mfloat-abi=soft -mthumb -Wl,--start-group -lc -lm -Wl,--end-group
Finished building target: Stack_MSP_PSP.elf
 
arm-none-eabi-size  Stack_MSP_PSP.elf 
arm-none-eabi-objdump -h -S Stack_MSP_PSP.elf  > "Stack_MSP_PSP.list"
   text	   data	    bss	    dec	    hex	filename
   5348	     92	   1900	   7340	   1cac	Stack_MSP_PSP.elf
Finished building: default.size.stdout
 
Finished building: Stack_MSP_PSP.list
 

02:13:14 Build Finished. 0 errors, 5 warnings. (took 2s.919ms)

